// Jest Snapshot v1, https://goo.gl/fbAQLP

exports[`renders 1`] = `
<DocumentFragment>
  <small
    class="error"
  >
    This is an error
  </small>
</DocumentFragment>
`;
